Traceback (most recent call last):
  File "C:\Users\zyred\.copaw\workspaces\item-finder\backend\test_login.py", line 8, in <module>
    response = client.post('/api/auth/login', json={'code': 'test123'})
  File "D:\application\miniconda3\Lib\site-packages\starlette\testclient.py", line 546, in post
    return super().post(
           ~~~~~~~~~~~~^
        url,
        ^^^^
    ...<10 lines>...
        extensions=extensions,
        ^^^^^^^^^^^^^^^^^^^^^^
    )
    ^
  File "D:\application\miniconda3\Lib\site-packages\httpx\_client.py", line 1144, in post
    return self.request(
           ~~~~~~~~~~~~^
        "POST",
        ^^^^^^^
    ...<11 lines>...
        extensions=extensions,
        ^^^^^^^^^^^^^^^^^^^^^^
    )
    ^
  File "D:\application\miniconda3\Lib\site-packages\starlette\testclient.py", line 445, in request
    return super().request(
           ~~~~~~~~~~~~~~~^
        method,
        ^^^^^^^
    ...<11 lines>...
        extensions=extensions,
        ^^^^^^^^^^^^^^^^^^^^^^
    )
    ^
  File "D:\application\miniconda3\Lib\site-packages\httpx\_client.py", line 825, in request
    return self.send(request, auth=auth, follow_redirects=follow_redirects)
           ~~~~~~~~~^^^^^^^^^^^^^^^^^^^^^^^^^^^^^^^^^^^^^^^^^^^^^^^^^^^^^^^
  File "D:\application\miniconda3\Lib\site-packages\httpx\_client.py", line 914, in send
    response = self._send_handling_auth(
        request,
    ...<2 lines>...
        history=[],
    )
  File "D:\application\miniconda3\Lib\site-packages\httpx\_client.py", line 942, in _send_handling_auth
    response = self._send_handling_redirects(
        request,
        follow_redirects=follow_redirects,
        history=history,
    )
  File "D:\application\miniconda3\Lib\site-packages\httpx\_client.py", line 979, in _send_handling_redirects
    response = self._send_single_request(request)
  File "D:\application\miniconda3\Lib\site-packages\httpx\_client.py", line 1014, in _send_single_request
    response = transport.handle_request(request)
  File "D:\application\miniconda3\Lib\site-packages\starlette\testclient.py", line 348, in handle_request
    raise exc
  File "D:\application\miniconda3\Lib\site-packages\starlette\testclient.py", line 345, in handle_request
    portal.call(self.app, scope, receive, send)
    ~~~~~~~~~~~^^^^^^^^^^^^^^^^^^^^^^^^^^^^^^^^
  File "D:\application\miniconda3\Lib\site-packages\anyio\from_thread.py", line 334, in call
    return cast(T_Retval, self.start_task_soon(func, *args).result())
                          ~~~~~~~~~~~~~~~~~~~~~~~~~~~~~~~~~~~~~~~~^^
  File "D:\application\miniconda3\Lib\concurrent\futures\_base.py", line 456, in result
    return self.__get_result()
           ~~~~~~~~~~~~~~~~~^^
  File "D:\application\miniconda3\Lib\concurrent\futures\_base.py", line 401, in __get_result
    raise self._exception
  File "D:\application\miniconda3\Lib\site-packages\anyio\from_thread.py", line 259, in _call_func
    retval = await retval_or_awaitable
             ^^^^^^^^^^^^^^^^^^^^^^^^^
  File "D:\application\miniconda3\Lib\site-packages\fastapi\applications.py", line 1160, in __call__
    await super().__call__(scope, receive, send)
  File "D:\application\miniconda3\Lib\site-packages\starlette\applications.py", line 90, in __call__
    await self.middleware_stack(scope, receive, send)
  File "D:\application\miniconda3\Lib\site-packages\starlette\middleware\errors.py", line 186, in __call__
    raise exc
  File "D:\application\miniconda3\Lib\site-packages\starlette\middleware\errors.py", line 164, in __call__
    await self.app(scope, receive, _send)
  File "D:\application\miniconda3\Lib\site-packages\starlette\middleware\cors.py", line 88, in __call__
    await self.app(scope, receive, send)
  File "D:\application\miniconda3\Lib\site-packages\starlette\middleware\exceptions.py", line 63, in __call__
    await wrap_app_handling_exceptions(self.app, conn)(scope, receive, send)
  File "D:\application\miniconda3\Lib\site-packages\starlette\_exception_handler.py", line 53, in wrapped_app
    raise exc
  File "D:\application\miniconda3\Lib\site-packages\starlette\_exception_handler.py", line 42, in wrapped_app
    await app(scope, receive, sender)
  File "D:\application\miniconda3\Lib\site-packages\fastapi\middleware\asyncexitstack.py", line 18, in __call__
    await self.app(scope, receive, send)
  File "D:\application\miniconda3\Lib\site-packages\starlette\routing.py", line 660, in __call__
    await self.middleware_stack(scope, receive, send)
  File "D:\application\miniconda3\Lib\site-packages\starlette\routing.py", line 680, in app
    await route.handle(scope, receive, send)
  File "D:\application\miniconda3\Lib\site-packages\starlette\routing.py", line 276, in handle
    await self.app(scope, receive, send)
  File "D:\application\miniconda3\Lib\site-packages\fastapi\routing.py", line 130, in app
    await wrap_app_handling_exceptions(app, request)(scope, receive, send)
  File "D:\application\miniconda3\Lib\site-packages\starlette\_exception_handler.py", line 53, in wrapped_app
    raise exc
  File "D:\application\miniconda3\Lib\site-packages\starlette\_exception_handler.py", line 42, in wrapped_app
    await app(scope, receive, sender)
  File "D:\application\miniconda3\Lib\site-packages\fastapi\routing.py", line 116, in app
    response = await f(request)
               ^^^^^^^^^^^^^^^^
  File "D:\application\miniconda3\Lib\site-packages\fastapi\routing.py", line 691, in app
    content = await serialize_response(
              ^^^^^^^^^^^^^^^^^^^^^^^^^
    ...<11 lines>...
    )
    ^
  File "D:\application\miniconda3\Lib\site-packages\fastapi\routing.py", line 296, in serialize_response
    raise ResponseValidationError(
    ...<3 lines>...
    )
fastapi.exceptions.ResponseValidationError: 5 validation errors:
  {'type': 'missing', 'loc': ('response', 'data', 'user_id'), 'msg': 'Field required', 'input': {'openid': 'mock_openid_test123'}}
  {'type': 'missing', 'loc': ('response', 'data', 'nickname'), 'msg': 'Field required', 'input': {'openid': 'mock_openid_test123'}}
  {'type': 'missing', 'loc': ('response', 'data', 'avatar_url'), 'msg': 'Field required', 'input': {'openid': 'mock_openid_test123'}}
  {'type': 'missing', 'loc': ('response', 'data', 'family_id'), 'msg': 'Field required', 'input': {'openid': 'mock_openid_test123'}}
  {'type': 'missing', 'loc': ('response', 'data', 'family_name'), 'msg': 'Field required', 'input': {'openid': 'mock_openid_test123'}}

  File "C:\Users\zyred\.copaw\workspaces\item-finder\backend\api\auth.py", line 15, in login
    POST /api/auth/login
